ERROR: null 
Fecha: 2025-11-21T21:33:50.614Z

 ERROR: null 
Fecha: 2025-11-21T21:33:50.759Z

 ERROR: null 
Fecha: 2025-11-21T21:33:54.250Z

 ERROR: null 
Fecha: 2025-11-21T21:33:54.396Z

 ERROR: null 
Fecha: 2025-11-21T21:34:26.518Z

 ERROR: null 
Fecha: 2025-11-21T21:34:26.683Z

 ERROR: null 
Fecha: 2025-11-21T21:36:32.132Z

 ERROR: null 
Fecha: 2025-11-21T21:36:32.297Z

 ERROR: null 
Fecha: 2025-11-21T21:38:01.621Z

 ERROR: null 
Fecha: 2025-11-21T21:38:01.775Z

 ERROR: null 
Fecha: 2025-11-21T21:40:07.088Z

 ERROR: null 
Fecha: 2025-11-21T21:40:07.279Z

 ERROR: null 
Fecha: 2025-11-21T21:46:17.717Z

 ERROR: null 
Fecha: 2025-11-21T21:46:17.853Z

 ERROR: null 
Fecha: 2025-11-21T21:54:04.889Z

 ERROR: null 
Fecha: 2025-11-21T21:54:05.060Z

 ERROR: null 
Fecha: 2025-11-21T21:56:40.378Z

 ERROR: null 
Fecha: 2025-11-21T21:56:40.550Z

 ERROR: null 
Fecha: 2025-11-21T21:59:25.896Z

 ERROR: null 
Fecha: 2025-11-21T21:59:26.015Z

 ERROR: null 
Fecha: 2025-11-21T22:05:27.970Z

 ERROR: null 
Fecha: 2025-11-21T22:05:28.105Z

 ERROR: null 
Fecha: 2025-11-21T22:06:10.180Z

 ERROR: null 
Fecha: 2025-11-21T22:06:10.299Z

 ERROR: null 
Fecha: 2025-11-21T22:06:38.755Z

 ERROR: null 
Fecha: 2025-11-21T22:06:38.878Z

 ERROR: null 
Fecha: 2025-11-21T22:06:43.810Z

 ERROR: null 
Fecha: 2025-11-21T22:06:43.917Z

 ERROR: null 
Fecha: 2025-11-21T22:06:55.041Z

 ERROR: null 
Fecha: 2025-11-21T22:06:55.151Z

 ERROR: null 
Fecha: 2025-11-21T22:07:51.275Z

 ERROR: null 
Fecha: 2025-11-21T22:07:51.425Z

 ERROR: null 
Fecha: 2025-11-21T22:07:57.221Z

 ERROR: null 
Fecha: 2025-11-21T22:07:57.370Z

 ERROR: null 
Fecha: 2025-11-21T22:08:06.274Z

 ERROR: null 
Fecha: 2025-11-21T22:08:06.444Z

 ERROR: null 
Fecha: 2025-11-21T22:08:16.462Z

 ERROR: null 
Fecha: 2025-11-21T22:08:16.624Z

 ERROR: null 
Fecha: 2025-11-21T22:08:22.361Z

 ERROR: null 
Fecha: 2025-11-21T22:08:22.516Z

 ERROR: null 
Fecha: 2025-11-21T22:08:36.240Z

 ERROR: null 
Fecha: 2025-11-21T22:08:36.386Z

 ERROR: null 
Fecha: 2025-11-21T22:08:57.214Z

 ERROR: null 
Fecha: 2025-11-21T22:08:57.363Z

 ERROR: null 
Fecha: 2025-11-21T22:09:15.098Z

 ERROR: null 
Fecha: 2025-11-21T22:09:15.221Z

 ERROR: null 
Fecha: 2025-11-21T22:10:42.348Z

 ERROR: null 
Fecha: 2025-11-21T22:10:42.502Z

 ERROR: null 
Fecha: 2025-11-21T22:14:54.371Z

 ERROR: null 
Fecha: 2025-11-21T22:14:54.527Z

 ERROR: null 
Fecha: 2025-11-21T22:18:13.903Z

 ERROR: null 
Fecha: 2025-11-21T22:18:14.061Z

 ERROR: null 
Fecha: 2025-11-21T23:04:14.314Z

 ERROR: null 
Fecha: 2025-11-21T23:04:14.450Z

 ERROR: null 
Fecha: 2025-11-21T23:05:27.988Z

 ERROR: null 
Fecha: 2025-11-21T23:05:28.166Z

 ERROR: null 
Fecha: 2025-11-21T23:06:02.565Z

 ERROR: null 
Fecha: 2025-11-21T23:06:02.717Z

 ERROR: null 
Fecha: 2025-11-21T23:07:03.987Z

 ERROR: null 
Fecha: 2025-11-21T23:07:04.177Z

 ERROR: null 
Fecha: 2025-11-21T23:07:23.367Z

 ERROR: null 
Fecha: 2025-11-21T23:07:23.515Z

 ERROR: null 
Fecha: 2025-11-21T23:09:25.209Z

 ERROR: null 
Fecha: 2025-11-21T23:09:25.386Z

 ERROR: null 
Fecha: 2025-11-21T23:13:18.315Z

 ERROR: null 
Fecha: 2025-11-21T23:13:18.369Z

 ERROR: null 
Fecha: 2026-04-28T02:48:56.317Z

 ERROR: null 
Fecha: 2026-04-28T02:48:56.550Z

 ERROR: null 
Fecha: 2026-04-28T02:49:07.443Z

 ERROR: null 
Fecha: 2026-04-28T02:49:07.577Z

 ERROR: null 
Fecha: 2026-04-28T02:49:18.682Z

 ERROR: null 
Fecha: 2026-04-28T02:49:18.811Z

 ERROR: null 
Fecha: 2026-05-12T18:31:21.904Z

 ERROR: null 
Fecha: 2026-05-12T18:31:22.071Z

 ERROR: null 
Fecha: 2026-05-12T18:31:35.994Z

 ERROR: null 
Fecha: 2026-05-12T18:31:36.136Z

 ERROR: null 
Fecha: 2026-05-12T18:31:52.996Z

 ERROR: null 
Fecha: 2026-05-12T18:31:53.135Z

 ERROR: null 
Fecha: 2026-05-12T18:33:10.791Z

 ERROR: null 
Fecha: 2026-05-12T18:33:10.932Z

 ERROR: null 
Fecha: 2026-05-12T18:33:30.618Z

 ERROR: null 
Fecha: 2026-05-12T18:33:30.732Z

 ERROR: null 
Fecha: 2026-05-12T18:34:58.259Z

 ERROR: null 
Fecha: 2026-05-12T18:34:58.395Z

 ERROR: null 
Fecha: 2026-05-12T18:36:03.494Z

 ERROR: null 
Fecha: 2026-05-12T18:36:03.624Z

 ERROR: null 
Fecha: 2026-05-12T18:38:26.658Z

 ERROR: null 
Fecha: 2026-05-12T18:38:26.824Z

 ERROR: null 
Fecha: 2026-05-12T18:39:04.219Z

 ERROR: null 
Fecha: 2026-05-12T18:39:04.331Z

 ERROR: null 
Fecha: 2026-05-12T18:39:08.898Z

 ERROR: null 
Fecha: 2026-05-12T18:39:09.028Z

 ERROR: null 
Fecha: 2026-05-12T18:39:53.394Z

 ERROR: null 
Fecha: 2026-05-12T18:39:53.522Z

 ERROR: null 
Fecha: 2026-05-12T18:41:00.569Z

 ERROR: null 
Fecha: 2026-05-12T18:41:00.737Z

 ERROR: null 
Fecha: 2026-05-12T18:41:32.085Z

 ERROR: null 
Fecha: 2026-05-12T18:41:32.194Z

 ERROR: null 
Fecha: 2026-05-12T18:41:41.881Z

 ERROR: null 
Fecha: 2026-05-12T18:41:42.021Z

 ERROR: null 
Fecha: 2026-05-12T18:44:20.086Z

 ERROR: null 
Fecha: 2026-05-12T18:44:20.256Z

 ERROR: null 
Fecha: 2026-05-12T18:44:42.762Z

 ERROR: null 
Fecha: 2026-05-12T18:44:42.909Z

 ERROR: null 
Fecha: 2026-05-12T18:44:51.084Z

 ERROR: null 
Fecha: 2026-05-12T18:44:51.200Z

 ERROR: null 
Fecha: 2026-05-12T18:44:56.651Z

 ERROR: null 
Fecha: 2026-05-12T18:44:56.797Z

 ERROR: null 
Fecha: 2026-05-12T18:46:28.906Z

 ERROR: null 
Fecha: 2026-05-12T18:46:29.093Z

 